Archive member included to satisfy reference by file (symbol)

/opt/st/stm32cubeide_1.16.0/plugins/com.st.stm32cube.ide.mcu.externaltools.gnu-tools-for-stm32.12.3.rel1.linux64_1.0.200.202406132123/tools/bin/../lib/gcc/arm-none-eabi/12.3.1/../../../../arm-none-eabi/lib/thumb/v7e-m+fp/hard/libc_nano.a(libc_a-exit.o)
                              /opt/st/stm32cubeide_1.16.0/plugins/com.st.stm32cube.ide.mcu.externaltools.gnu-tools-for-stm32.12.3.rel1.linux64_1.0.200.202406132123/tools/bin/../lib/gcc/arm-none-eabi/12.3.1/../../../../arm-none-eabi/lib/thumb/v7e-m+fp/hard/crt0.o (exit)
/opt/st/stm32cubeide_1.16.0/plugins/com.st.stm32cube.ide.mcu.externaltools.gnu-tools-for-stm32.12.3.rel1.linux64_1.0.200.202406132123/tools/bin/../lib/gcc/arm-none-eabi/12.3.1/../../../../arm-none-eabi/lib/thumb/v7e-m+fp/hard/libc_nano.a(libc_a-findfp.o)
                              /opt/st/stm32cubeide_1.16.0/plugins/com.st.stm32cube.ide.mcu.externaltools.gnu-tools-for-stm32.12.3.rel1.linux64_1.0.200.202406132123/tools/bin/../lib/gcc/arm-none-eabi/12.3.1/../../../../arm-none-eabi/lib/thumb/v7e-m+fp/hard/libc_nano.a(libc_a-exit.o) (__stdio_exit_handler)
/opt/st/stm32cubeide_1.16.0/plugins/com.st.stm32cube.ide.mcu.externaltools.gnu-tools-for-stm32.12.3.rel1.linux64_1.0.200.202406132123/tools/bin/../lib/gcc/arm-none-eabi/12.3.1/../../../../arm-none-eabi/lib/thumb/v7e-m+fp/hard/libc_nano.a(libc_a-fwalk.o)
                              /opt/st/stm32cubeide_1.16.0/plugins/com.st.stm32cube.ide.mcu.externaltools.gnu-tools-for-stm32.12.3.rel1.linux64_1.0.200.202406132123/tools/bin/../lib/gcc/arm-none-eabi/12.3.1/../../../../arm-none-eabi/lib/thumb/v7e-m+fp/hard/libc_nano.a(libc_a-findfp.o) (_fwalk_sglue)
/opt/st/stm32cubeide_1.16.0/plugins/com.st.stm32cube.ide.mcu.externaltools.gnu-tools-for-stm32.12.3.rel1.linux64_1.0.200.202406132123/tools/bin/../lib/gcc/arm-none-eabi/12.3.1/../../../../arm-none-eabi/lib/thumb/v7e-m+fp/hard/libc_nano.a(libc_a-stdio.o)
                              /opt/st/stm32cubeide_1.16.0/plugins/com.st.stm32cube.ide.mcu.externaltools.gnu-tools-for-stm32.12.3.rel1.linux64_1.0.200.202406132123/tools/bin/../lib/gcc/arm-none-eabi/12.3.1/../../../../arm-none-eabi/lib/thumb/v7e-m+fp/hard/libc_nano.a(libc_a-findfp.o) (__sread)
/opt/st/stm32cubeide_1.16.0/plugins/com.st.stm32cube.ide.mcu.externaltools.gnu-tools-for-stm32.12.3.rel1.linux64_1.0.200.202406132123/tools/bin/../lib/gcc/arm-none-eabi/12.3.1/../../../../arm-none-eabi/lib/thumb/v7e-m+fp/hard/libc_nano.a(libc_a-memset.o)
                              /opt/st/stm32cubeide_1.16.0/plugins/com.st.stm32cube.ide.mcu.externaltools.gnu-tools-for-stm32.12.3.rel1.linux64_1.0.200.202406132123/tools/bin/../lib/gcc/arm-none-eabi/12.3.1/../../../../arm-none-eabi/lib/thumb/v7e-m+fp/hard/crt0.o (memset)
/opt/st/stm32cubeide_1.16.0/plugins/com.st.stm32cube.ide.mcu.externaltools.gnu-tools-for-stm32.12.3.rel1.linux64_1.0.200.202406132123/tools/bin/../lib/gcc/arm-none-eabi/12.3.1/../../../../arm-none-eabi/lib/thumb/v7e-m+fp/hard/libc_nano.a(libc_a-closer.o)
                              /opt/st/stm32cubeide_1.16.0/plugins/com.st.stm32cube.ide.mcu.externaltools.gnu-tools-for-stm32.12.3.rel1.linux64_1.0.200.202406132123/tools/bin/../lib/gcc/arm-none-eabi/12.3.1/../../../../arm-none-eabi/lib/thumb/v7e-m+fp/hard/libc_nano.a(libc_a-stdio.o) (_close_r)
/opt/st/stm32cubeide_1.16.0/plugins/com.st.stm32cube.ide.mcu.externaltools.gnu-tools-for-stm32.12.3.rel1.linux64_1.0.200.202406132123/tools/bin/../lib/gcc/arm-none-eabi/12.3.1/../../../../arm-none-eabi/lib/thumb/v7e-m+fp/hard/libc_nano.a(libc_a-reent.o)
                              /opt/st/stm32cubeide_1.16.0/plugins/com.st.stm32cube.ide.mcu.externaltools.gnu-tools-for-stm32.12.3.rel1.linux64_1.0.200.202406132123/tools/bin/../lib/gcc/arm-none-eabi/12.3.1/../../../../arm-none-eabi/lib/thumb/v7e-m+fp/hard/libc_nano.a(libc_a-closer.o) (errno)
/opt/st/stm32cubeide_1.16.0/plugins/com.st.stm32cube.ide.mcu.externaltools.gnu-tools-for-stm32.12.3.rel1.linux64_1.0.200.202406132123/tools/bin/../lib/gcc/arm-none-eabi/12.3.1/../../../../arm-none-eabi/lib/thumb/v7e-m+fp/hard/libc_nano.a(libc_a-impure.o)
                              /opt/st/stm32cubeide_1.16.0/plugins/com.st.stm32cube.ide.mcu.externaltools.gnu-tools-for-stm32.12.3.rel1.linux64_1.0.200.202406132123/tools/bin/../lib/gcc/arm-none-eabi/12.3.1/../../../../arm-none-eabi/lib/thumb/v7e-m+fp/hard/libc_nano.a(libc_a-reent.o) (_impure_ptr)
/opt/st/stm32cubeide_1.16.0/plugins/com.st.stm32cube.ide.mcu.externaltools.gnu-tools-for-stm32.12.3.rel1.linux64_1.0.200.202406132123/tools/bin/../lib/gcc/arm-none-eabi/12.3.1/../../../../arm-none-eabi/lib/thumb/v7e-m+fp/hard/libc_nano.a(libc_a-lseekr.o)
                              /opt/st/stm32cubeide_1.16.0/plugins/com.st.stm32cube.ide.mcu.externaltools.gnu-tools-for-stm32.12.3.rel1.linux64_1.0.200.202406132123/tools/bin/../lib/gcc/arm-none-eabi/12.3.1/../../../../arm-none-eabi/lib/thumb/v7e-m+fp/hard/libc_nano.a(libc_a-stdio.o) (_lseek_r)
[...]
Memory Configuration

Name             Origin             Length             Attributes
RAM              0x20000000         0x00018000         xrw
RAM2             0x10000000         0x00008000         xrw
FLASH            0x08000000         0x00100000         xr
*default*        0x00000000         0xffffffff

Linker script and memory map

LOAD /opt/st/stm32cubeide_1.16.0/plugins/com.st.stm32cube.ide.mcu.externaltools.gnu-tools-for-stm32.12.3.rel1.linux64_1.0.200.202406132123/tools/bin/../lib/gcc/arm-none-eabi/12.3.1/thumb/v7e-m+fp/hard/crti.o
LOAD /opt/st/stm32cubeide_1.16.0/plugins/com.st.stm32cube.ide.mcu.externaltools.gnu-tools-for-stm32.12.3.rel1.linux64_1.0.200.202406132123/tools/bin/../lib/gcc/arm-none-eabi/12.3.1/thumb/v7e-m+fp/hard/crtbegin.o
LOAD /opt/st/stm32cubeide_1.16.0/plugins/com.st.stm32cube.ide.mcu.externaltools.gnu-tools-for-stm32.12.3.rel1.linux64_1.0.200.202406132123/tools/bin/../lib/gcc/arm-none-eabi/12.3.1/../../../../arm-none-eabi/lib/thumb/v7e-m+fp/hard/crt0.o
LOAD ./Core/Src/driver_led.o
LOAD ./Core/Src/gpio.o
LOAD ./Core/Src/main.o
LOAD ./Core/Src/spi.o
LOAD ./Core/Src/stm32l4xx_hal_msp.o
LOAD ./Core/Src/stm32l4xx_it.o
LOAD ./Core/Src/syscalls.o
LOAD ./Core/Src/sysmem.o
LOAD ./Core/Src/system_stm32l4xx.o
LOAD ./Core/Src/usart.o
LOAD ./Core/Startup/startup_stm32l476rgtx.o
LOAD ./Drivers/STM32L4xx_HAL_Driver/Src/stm32l4xx_hal.o
LOAD ./Drivers/STM32L4xx_HAL_Driver/Src/stm32l4xx_hal_cortex.o
LOAD ./Drivers/STM32L4xx_HAL_Driver/Src/stm32l4xx_hal_dma.o
LOAD ./Drivers/STM32L4xx_HAL_Driver/Src/stm32l4xx_hal_dma_ex.o
LOAD ./Drivers/STM32L4xx_HAL_Driver/Src/stm32l4xx_hal_exti.o
LOAD ./Drivers/STM32L4xx_HAL_Driver/Src/stm32l4xx_hal_flash.o
LOAD ./Drivers/STM32L4xx_HAL_Driver/Src/stm32l4xx_hal_flash_ex.o
LOAD ./Drivers/STM32L4xx_HAL_Driver/Src/stm32l4xx_hal_flash_ramfunc.o
LOAD ./Drivers/STM32L4xx_HAL_Driver/Src/stm32l4xx_hal_gpio.o
LOAD ./Drivers/STM32L4xx_HAL_Driver/Src/stm32l4xx_hal_i2c.o
LOAD ./Drivers/STM32L4xx_HAL_Driver/Src/stm32l4xx_hal_i2c_ex.o
LOAD ./Drivers/STM32L4xx_HAL_Driver/Src/stm32l4xx_hal_pwr.o
LOAD ./Drivers/STM32L4xx_HAL_Driver/Src/stm32l4xx_hal_pwr_ex.o
LOAD ./Drivers/STM32L4xx_HAL_Driver/Src/stm32l4xx_hal_rcc.o
LOAD ./Drivers/STM32L4xx_HAL_Driver/Src/stm32l4xx_hal_rcc_ex.o
LOAD ./Drivers/STM32L4xx_HAL_Driver/Src/stm32l4xx_hal_spi.o
LOAD ./Drivers/STM32L4xx_HAL_Driver/Src/stm32l4xx_hal_spi_ex.o
LOAD ./Drivers/STM32L4xx_HAL_Driver/Src/stm32l4xx_hal_tim.o
LOAD ./Drivers/STM32L4xx_HAL_Driver/Src/stm32l4xx_hal_tim_ex.o
LOAD ./Drivers/STM32L4xx_HAL_Driver/Src/stm32l4xx_hal_uart.o
LOAD ./Drivers/STM32L4xx_HAL_Driver/Src/stm32l4xx_hal_uart_ex.o
START GROUP
LOAD /opt/st/stm32cubeide_1.16.0/plugins/com.st.stm32cube.ide.mcu.externaltools.gnu-tools-for-stm32.12.3.rel1.linux64_1.0.200.202406132123/tools/bin/../lib/gcc/arm-none-eabi/12.3.1/../../../../arm-none-eabi/lib/thumb/v7e-m+fp/hard/libstdc++_nano.a
LOAD /opt/st/stm32cubeide_1.16.0/plugins/com.st.stm32cube.ide.mcu.externaltools.gnu-tools-for-stm32.12.3.rel1.linux64_1.0.200.202406132123/tools/bin/../lib/gcc/arm-none-eabi/12.3.1/../../../../arm-none-eabi/lib/thumb/v7e-m+fp/hard/libsupc++_nano.a
END GROUP
LOAD /opt/st/stm32cubeide_1.16.0/plugins/com.st.stm32cube.ide.mcu.externaltools.gnu-tools-for-stm32.12.3.rel1.linux64_1.0.200.202406132123/tools/bin/../lib/gcc/arm-none-eabi/12.3.1/../../../../arm-none-eabi/lib/thumb/v7e-m+fp/hard/libstdc++_nano.a
LOAD /opt/st/stm32cubeide_1.16.0/plugins/com.st.stm32cube.ide.mcu.externaltools.gnu-tools-for-stm32.12.3.rel1.linux64_1.0.200.202406132123/tools/bin/../lib/gcc/arm-none-eabi/12.3.1/../../../../arm-none-eabi/lib/thumb/v7e-m+fp/hard/libm.a
LOAD /opt/st/stm32cubeide_1.16.0/plugins/com.st.stm32cube.ide.mcu.externaltools.gnu-tools-for-stm32.12.3.rel1.linux64_1.0.200.202406132123/tools/bin/../lib/gcc/arm-none-eabi/12.3.1/../../../../arm-none-eabi/lib/thumb/v7e-m+fp/hard/libc_nano.a
START GROUP
LOAD /opt/st/stm32cubeide_1.16.0/plugins/com.st.stm32cube.ide.mcu.externaltools.gnu-tools-for-stm32.12.3.rel1.linux64_1.0.200.202406132123/tools/bin/../lib/gcc/arm-none-eabi/12.3.1/thumb/v7e-m+fp/hard/libgcc.a
LOAD /opt/st/stm32cubeide_1.16.0/plugins/com.st.stm32cube.ide.mcu.externaltools.gnu-tools-for-stm32.12.3.rel1.linux64_1.0.200.202406132123/tools/bin/../lib/gcc/arm-none-eabi/12.3.1/../../../../arm-none-eabi/lib/thumb/v7e-m+fp/hard/libc_nano.a
END GROUP
START GROUP
LOAD /opt/st/stm32cubeide_1.16.0/plugins/com.st.stm32cube.ide.mcu.externaltools.gnu-tools-for-stm32.12.3.rel1.linux64_1.0.200.202406132123/tools/bin/../lib/gcc/arm-none-eabi/12.3.1/thumb/v7e-m+fp/hard/libgcc.a
LOAD /opt/st/stm32cubeide_1.16.0/plugins/com.st.stm32cube.ide.mcu.externaltools.gnu-tools-for-stm32.12.3.rel1.linux64_1.0.200.202406132123/tools/bin/../lib/gcc/arm-none-eabi/12.3.1/../../../../arm-none-eabi/lib/thumb/v7e-m+fp/hard/libc_nano.a
LOAD /opt/st/stm32cubeide_1.16.0/plugins/com.st.stm32cube.ide.mcu.externaltools.gnu-tools-for-stm32.12.3.rel1.linux64_1.0.200.202406132123/tools/bin/../lib/gcc/arm-none-eabi/12.3.1/../../../../arm-none-eabi/lib/thumb/v7e-m+fp/hard/libnosys.a
END GROUP
START GROUP
LOAD /opt/st/stm32cubeide_1.16.0/plugins/com.st.stm32cube.ide.mcu.externaltools.gnu-tools-for-stm32.12.3.rel1.linux64_1.0.200.202406132123/tools/bin/../lib/gcc/arm-none-eabi/12.3.1/thumb/v7e-m+fp/hard/libgcc.a
LOAD /opt/st/stm32cubeide_1.16.0/plugins/com.st.stm32cube.ide.mcu.externaltools.gnu-tools-for-stm32.12.3.rel1.linux64_1.0.200.202406132123/tools/bin/../lib/gcc/arm-none-eabi/12.3.1/../../../../arm-none-eabi/lib/thumb/v7e-m+fp/hard/libc_nano.a
LOAD /opt/st/stm32cubeide_1.16.0/plugins/com.st.stm32cube.ide.mcu.externaltools.gnu-tools-for-stm32.12.3.rel1.linux64_1.0.200.202406132123/tools/bin/../lib/gcc/arm-none-eabi/12.3.1/../../../../arm-none-eabi/lib/thumb/v7e-m+fp/hard/libnosys.a
END GROUP
LOAD /opt/st/stm32cubeide_1.16.0/plugins/com.st.stm32cube.ide.mcu.externaltools.gnu-tools-for-stm32.12.3.rel1.linux64_1.0.200.202406132123/tools/bin/../lib/gcc/arm-none-eabi/12.3.1/thumb/v7e-m+fp/hard/crtend.o
LOAD /opt/st/stm32cubeide_1.16.0/plugins/com.st.stm32cube.ide.mcu.externaltools.gnu-tools-for-stm32.12.3.rel1.linux64_1.0.200.202406132123/tools/bin/../lib/gcc/arm-none-eabi/12.3.1/thumb/v7e-m+fp/hard/crtn.o
                0x20018000                        _estack = (ORIGIN (RAM) + LENGTH (RAM))
                0x00000200                        _Min_Heap_Size = 0x200
                0x00000400                        _Min_Stack_Size = 0x400

.isr_vector     0x08000000      0x188
                0x08000000                        . = ALIGN (0x4)
 *(.isr_vector)
 .isr_vector    0x08000000      0x188 ./Core/Startup/startup_stm32l476rgtx.o
                0x08000000                g_pfnVectors
                0x08000188                        . = ALIGN (0x4)

.text           0x08000188     0x3f4c
                0x08000188                        . = ALIGN (0x4)
 *(.text)
 .text          0x08000188       0x40 /opt/st/stm32cubeide_1.16.0/plugins/com.st.stm32cube.ide.mcu.externaltools.gnu-tools-for-stm32.12.3.rel1.linux64_1.0.200.202406132123/tools/bin/../lib/gcc/arm-none-eabi/12.3.1/thumb/v7e-m+fp/hard/crtbegin.o
 .text          0x080001c8       0x30 /opt/st/stm32cubeide_1.16.0/plugins/com.st.stm32cube.ide.mcu.externaltools.gnu-tools-for-stm32.12.3.rel1.linux64_1.0.200.202406132123/tools/bin/../lib/gcc/arm-none-eabi/12.3.1/thumb/v7e-m+fp/hard/libgcc.a(_aeabi_uldivmod.o)
                0x080001c8                __aeabi_uldivmod
 .text          0x080001f8      0x2bc /opt/st/stm32cubeide_1.16.0/plugins/com.st.stm32cube.ide.mcu.externaltools.gnu-tools-for-stm32.12.3.rel1.linux64_1.0.200.202406132123/tools/bin/../lib/gcc/arm-none-eabi/12.3.1/thumb/v7e-m+fp/hard/libgcc.a(_udivmoddi4.o)
                0x080001f8                __udivmoddi4
 .text          0x080004b4        0x4 /opt/st/stm32cubeide_1.16.0/plugins/com.st.stm32cube.ide.mcu.externaltools.gnu-tools-for-stm32.12.3.rel1.linux64_1.0.200.202406132123/tools/bin/../lib/gcc/arm-none-eabi/12.3.1/thumb/v7e-m+fp/hard/libgcc.a(_dvmd_tls.o)
                0x080004b4                __aeabi_ldiv0
                0x080004b4                __aeabi_idiv0
 *(.text*)
 .text.DriverLED_Init
                0x080004b8       0x74 ./Core/Src/driver_led.o
                0x080004b8                DriverLED_Init
 .text.DriverLED_WriteRegister
                0x0800052c       0x56 ./Core/Src/driver_led.o
                0x0800052c                DriverLED_WriteRegister
 .text.DriverLED_WriteLED
                0x08000582       0x3c ./Core/Src/driver_led.o
                0x08000582                DriverLED_WriteLED
 *fill*         0x080005be        0x2 
 .text.MX_GPIO_Init
                0x080005c0       0xf8 ./Core/Src/gpio.o
                0x080005c0                MX_GPIO_Init
 .text.main     0x080006b8       0x98 ./Core/Src/main.o
                0x080006b8                main
 .text.SystemClock_Config
                0x08000750       0xa2 ./Core/Src/main.o
                0x08000750                SystemClock_Config
 .text.Error_Handler
                0x080007f2        0xc ./Core/Src/main.o
                0x080007f2                Error_Handler
 *fill*         0x080007fe        0x2 
 .text.MX_SPI3_Init
                0x08000800       0x7c ./Core/Src/spi.o
                0x08000800                MX_SPI3_Init
 .text.HAL_SPI_MspInit
                0x0800087c       0xc4 ./Core/Src/spi.o
                0x0800087c                HAL_SPI_MspInit
 .text.HAL_MspInit
                0x08000940       0x48 ./Core/Src/stm32l4xx_hal_msp.o
                0x08000940                HAL_MspInit
 .text.NMI_Handler
                0x08000988        0x8 ./Core/Src/stm32l4xx_it.o
                0x08000988                NMI_Handler
 .text.HardFault_Handler
                0x08000990        0x8 ./Core/Src/stm32l4xx_it.o
                0x08000990                HardFault_Handler
 .text.MemManage_Handler
                0x08000998        0x8 ./Core/Src/stm32l4xx_it.o
                0x08000998                MemManage_Handler
 .text.BusFault_Handler
                0x080009a0        0x8 ./Core/Src/stm32l4xx_it.o
                0x080009a0                BusFault_Handler
 .text.UsageFault_Handler
                0x080009a8        0x8 ./Core/Src/stm32l4xx_it.o
                0x080009a8                UsageFault_Handler
 .text.SVC_Handler
                0x080009b0        0xe ./Core/Src/stm32l4xx_it.o
                0x080009b0                SVC_Handler
 .text.DebugMon_Handler
                0x080009be        0xe ./Core/Src/stm32l4xx_it.o
                0x080009be                DebugMon_Handler
 .text.PendSV_Handler
                0x080009cc        0xe ./Core/Src/stm32l4xx_it.o
                0x080009cc                PendSV_Handler
 .text.SysTick_Handler
                0x080009da        0xc ./Core/Src/stm32l4xx_it.o
                0x080009da                SysTick_Handler
 *fill*         0x080009e6        0x2 
 .text.SystemInit
                0x080009e8       0x24 ./Core/Src/system_stm32l4xx.o
                0x080009e8                SystemInit
 .text.MX_USART2_UART_Init
                0x08000a0c       0x60 ./Core/Src/usart.o
                0x08000a0c                MX_USART2_UART_Init
 .text.HAL_UART_MspInit
                0x08000a6c       0xb8 ./Core/Src/usart.o
                0x08000a6c                HAL_UART_MspInit
 .text.Reset_Handler
                0x08000b24       0x50 ./Core/Startup/startup_stm32l476rgtx.o
                0x08000b24                Reset_Handler
 .text.Default_Handler
                0x08000b74        0x2 ./Core/Startup/startup_stm32l476rgtx.o
                0x08000b74                RTC_Alarm_IRQHandler
                0x08000b74                EXTI2_IRQHandler
                0x08000b74                TIM8_TRG_COM_IRQHandler
                0x08000b74                TIM8_CC_IRQHandler
                0x08000b74                TIM1_CC_IRQHandler
                0x08000b74                TSC_IRQHandler
                0x08000b74                TAMP_STAMP_IRQHandler
                0x08000b74                EXTI3_IRQHandler
                0x08000b74                LPTIM2_IRQHandler
                0x08000b74                DFSDM1_FLT1_IRQHandler
                0x08000b74                I2C3_ER_IRQHandler
                0x08000b74                DFSDM1_FLT2_IRQHandler
                0x08000b74                EXTI0_IRQHandler
                0x08000b74                I2C2_EV_IRQHandler
                0x08000b74                CAN1_RX0_IRQHandler
                0x08000b74                FPU_IRQHandler
                0x08000b74                TIM1_UP_TIM16_IRQHandler
                0x08000b74                ADC1_2_IRQHandler
                0x08000b74                SPI1_IRQHandler
                0x08000b74                TIM6_DAC_IRQHandler
                0x08000b74                TIM8_UP_IRQHandler
                0x08000b74                DMA2_Channel2_IRQHandler
                0x08000b74                DMA1_Channel4_IRQHandler
                0x08000b74                SAI2_IRQHandler
                0x08000b74                DFSDM1_FLT3_IRQHandler
                0x08000b74                USART3_IRQHandler
                0x08000b74                DMA1_Channel7_IRQHandler
                0x08000b74                CAN1_RX1_IRQHandler
                0x08000b74                LCD_IRQHandler
                0x08000b74                UART5_IRQHandler
                0x08000b74                ADC3_IRQHandler
                0x08000b74                TIM4_IRQHandler
                0x08000b74                DMA2_Channel1_IRQHandler
                0x08000b74                QUADSPI_IRQHandler
                0x08000b74                I2C1_EV_IRQHandler
                0x08000b74                DMA1_Channel6_IRQHandler
                0x08000b74                UART4_IRQHandler
                0x08000b74                DMA2_Channel4_IRQHandler
                0x08000b74                TIM3_IRQHandler
                0x08000b74                RCC_IRQHandler
                0x08000b74                DMA1_Channel1_IRQHandler
                0x08000b74                Default_Handler
                0x08000b74                DMA2_Channel7_IRQHandler
                0x08000b74                EXTI15_10_IRQHandler
                0x08000b74                TIM7_IRQHandler
                0x08000b74                SDMMC1_IRQHandler
                0x08000b74                TIM5_IRQHandler
                0x08000b74                I2C3_EV_IRQHandler
                0x08000b74                EXTI9_5_IRQHandler
                0x08000b74                RTC_WKUP_IRQHandler
                0x08000b74                PVD_PVM_IRQHandler
                0x08000b74                SPI2_IRQHandler
                0x08000b74                CAN1_TX_IRQHandler
                0x08000b74                DMA2_Channel5_IRQHandler
                0x08000b74                DMA1_Channel5_IRQHandler
                0x08000b74                EXTI4_IRQHandler
                0x08000b74                RNG_IRQHandler
                0x08000b74                TIM1_TRG_COM_TIM17_IRQHandler
                0x08000b74                DMA1_Channel3_IRQHandler
                0x08000b74                COMP_IRQHandler
                0x08000b74                WWDG_IRQHandler
                0x08000b74                LPUART1_IRQHandler
                0x08000b74                DMA2_Channel6_IRQHandler
                0x08000b74                TIM2_IRQHandler
                0x08000b74                EXTI1_IRQHandler
                0x08000b74                USART2_IRQHandler
                0x08000b74                DFSDM1_FLT0_IRQHandler
                0x08000b74                I2C2_ER_IRQHandler
                0x08000b74                DMA1_Channel2_IRQHandler
                0x08000b74                TIM8_BRK_IRQHandler
                0x08000b74                CAN1_SCE_IRQHandler
                0x08000b74                FLASH_IRQHandler
                0x08000b74                USART1_IRQHandler
                0x08000b74                OTG_FS_IRQHandler
                0x08000b74                SPI3_IRQHandler
                0x08000b74                I2C1_ER_IRQHandler
                0x08000b74                FMC_IRQHandler
                0x08000b74                SWPMI1_IRQHandler
                0x08000b74                LPTIM1_IRQHandler
                0x08000b74                SAI1_IRQHandler
                0x08000b74                DMA2_Channel3_IRQHandler
                0x08000b74                TIM1_BRK_TIM15_IRQHandler
 *fill*         0x08000b76        0x2 
 .text.HAL_Init
                0x08000b78       0x40 ./Drivers/STM32L4xx_HAL_Driver/Src/stm32l4xx_hal.o
                0x08000b78                HAL_Init
 .text.HAL_InitTick
                0x08000bb8       0x78 ./Drivers/STM32L4xx_HAL_Driver/Src/stm32l4xx_hal.o
                0x08000bb8                HAL_InitTick
 .text.HAL_IncTick
                0x08000c30       0x28 ./Drivers/STM32L4xx_HAL_Driver/Src/stm32l4xx_hal.o
                0x08000c30                HAL_IncTick
 .text.HAL_GetTick
                0x08000c58       0x18 ./Drivers/STM32L4xx_HAL_Driver/Src/stm32l4xx_hal.o
                0x08000c58                HAL_GetTick
 .text.HAL_Delay
                0x08000c70       0x48 ./Drivers/STM32L4xx_HAL_Driver/Src/stm32l4xx_hal.o
                0x08000c70                HAL_Delay
 .text.__NVIC_SetPriorityGrouping
                0x08000cb8       0x48 ./Drivers/STM32L4xx_HAL_Driver/Src/stm32l4xx_hal_cortex.o
 .text.__NVIC_GetPriorityGrouping
                0x08000d00       0x1c ./Drivers/STM32L4xx_HAL_Driver/Src/stm32l4xx_hal_cortex.o
 .text.__NVIC_SetPriority
                0x08000d1c       0x54 ./Drivers/STM32L4xx_HAL_Driver/Src/stm32l4xx_hal_cortex.o
 .text.NVIC_EncodePriority
                0x08000d70       0x66 ./Drivers/STM32L4xx_HAL_Driver/Src/stm32l4xx_hal_cortex.o
 *fill*         0x08000dd6        0x2 
 .text.SysTick_Config
                0x08000dd8       0x44 ./Drivers/STM32L4xx_HAL_Driver/Src/stm32l4xx_hal_cortex.o
 .text.HAL_NVIC_SetPriorityGrouping
                0x08000e1c       0x16 ./Drivers/STM32L4xx_HAL_Driver/Src/stm32l4xx_hal_cortex.o
                0x08000e1c                HAL_NVIC_SetPriorityGrouping
 .text.HAL_NVIC_SetPriority
                0x08000e32       0x38 ./Drivers/STM32L4xx_HAL_Driver/Src/stm32l4xx_hal_cortex.o
                0x08000e32                HAL_NVIC_SetPriority
 .text.HAL_SYSTICK_Config
                0x08000e6a       0x18 ./Drivers/STM32L4xx_HAL_Driver/Src/stm32l4xx_hal_cortex.o
                0x08000e6a                HAL_SYSTICK_Config
 *fill*         0x08000e82        0x2 
 .text.HAL_GPIO_Init
                0x08000e84      0x354 ./Drivers/STM32L4xx_HAL_Driver/Src/stm32l4xx_hal_gpio.o
                0x08000e84                HAL_GPIO_Init
 .text.HAL_GPIO_WritePin
                0x080011d8       0x30 ./Drivers/STM32L4xx_HAL_Driver/Src/stm32l4xx_hal_gpio.o
                0x080011d8                HAL_GPIO_WritePin
 .text.HAL_PWREx_GetVoltageRange
                0x08001208       0x1c ./Drivers/STM32L4xx_HAL_Driver/Src/stm32l4xx_hal_pwr_ex.o
                0x08001208                HAL_PWREx_GetVoltageRange
 .text.HAL_PWREx_ControlVoltageScaling
                0x08001224       0xac ./Drivers/STM32L4xx_HAL_Driver/Src/stm32l4xx_hal_pwr_ex.o
                0x08001224                HAL_PWREx_ControlVoltageScaling
 .text.HAL_RCC_OscConfig
                0x080012d0      0x7b8 ./Drivers/STM32L4xx_HAL_Driver/Src/stm32l4xx_hal_rcc.o
                0x080012d0                HAL_RCC_OscConfig
 .text.HAL_RCC_ClockConfig
                0x08001a88      0x200 ./Drivers/STM32L4xx_HAL_Driver/Src/stm32l4xx_hal_rcc.o
                0x08001a88                HAL_RCC_ClockConfig
 .text.HAL_RCC_GetSysClockFreq
                0x08001c88      0x118 ./Drivers/STM32L4xx_HAL_Driver/Src/stm32l4xx_hal_rcc.o
                0x08001c88                HAL_RCC_GetSysClockFreq
 .text.HAL_RCC_GetHCLKFreq
                0x08001da0       0x18 ./Drivers/STM32L4xx_HAL_Driver/Src/stm32l4xx_hal_rcc.o
                0x08001da0                HAL_RCC_GetHCLKFreq
 .text.HAL_RCC_GetPCLK1Freq
                0x08001db8       0x2c ./Drivers/STM32L4xx_HAL_Driver/Src/stm32l4xx_hal_rcc.o
                0x08001db8                HAL_RCC_GetPCLK1Freq
 .text.HAL_RCC_GetPCLK2Freq
                0x08001de4       0x2c ./Drivers/STM32L4xx_HAL_Driver/Src/stm32l4xx_hal_rcc.o
                0x08001de4                HAL_RCC_GetPCLK2Freq
 .text.RCC_SetFlashLatencyFromMSIRange
                0x08001e10       0xc0 ./Drivers/STM32L4xx_HAL_Driver/Src/stm32l4xx_hal_rcc.o
 .text.HAL_RCCEx_PeriphCLKConfig
                0x08001ed0      0x5d4 ./Drivers/STM32L4xx_HAL_Driver/Src/stm32l4xx_hal_rcc_ex.o
                0x08001ed0                HAL_RCCEx_PeriphCLKConfig
 .text.RCCEx_PLLSAI1_Config
                0x080024a4      0x1e8 ./Drivers/STM32L4xx_HAL_Driver/Src/stm32l4xx_hal_rcc_ex.o
 .text.RCCEx_PLLSAI2_Config
                0x0800268c      0x1bc ./Drivers/STM32L4xx_HAL_Driver/Src/stm32l4xx_hal_rcc_ex.o
 .text.HAL_SPI_Init
                0x08002848      0x146 ./Drivers/STM32L4xx_HAL_Driver/Src/stm32l4xx_hal_spi.o
                0x08002848                HAL_SPI_Init
 .text.HAL_SPI_Transmit
                0x0800298e      0x2ec ./Drivers/STM32L4xx_HAL_Driver/Src/stm32l4xx_hal_spi.o
                0x0800298e                HAL_SPI_Transmit
 *fill*         0x08002c7a        0x2 
 .text.SPI_WaitFlagStateUntilTimeout
                0x08002c7c      0x110 ./Drivers/STM32L4xx_HAL_Driver/Src/stm32l4xx_hal_spi.o
 .text.SPI_WaitFifoStateUntilTimeout
                0x08002d8c      0x12c ./Drivers/STM32L4xx_HAL_Driver/Src/stm32l4xx_hal_spi.o
 .text.SPI_EndRxTxTransaction
                0x08002eb8       0x8c ./Drivers/STM32L4xx_HAL_Driver/Src/stm32l4xx_hal_spi.o
 .text.HAL_UART_Init
                0x08002f44       0x9c ./Drivers/STM32L4xx_HAL_Driver/Src/stm32l4xx_hal_uart.o
                0x08002f44                HAL_UART_Init
 .text.HAL_UART_Transmit
                0x08002fe0      0x112 ./Drivers/STM32L4xx_HAL_Driver/Src/stm32l4xx_hal_uart.o
                0x08002fe0                HAL_UART_Transmit
 *fill*         0x080030f2        0x2 
 .text.HAL_UART_Receive_IT
                0x080030f4       0x98 ./Drivers/STM32L4xx_HAL_Driver/Src/stm32l4xx_hal_uart.o
                0x080030f4                HAL_UART_Receive_IT
 .text.HAL_UART_RxCpltCallback
                0x0800318c       0x14 ./Drivers/STM32L4xx_HAL_Driver/Src/stm32l4xx_hal_uart.o
                0x0800318c                HAL_UART_RxCpltCallback
 .text.HAL_UARTEx_RxEventCallback
                0x080031a0       0x18 ./Drivers/STM32L4xx_HAL_Driver/Src/stm32l4xx_hal_uart.o
                0x080031a0                HAL_UARTEx_RxEventCallback
 .text.UART_SetConfig
                0x080031b8      0x570 ./Drivers/STM32L4xx_HAL_Driver/Src/stm32l4xx_hal_uart.o
                0x080031b8                UART_SetConfig
 .text.UART_AdvFeatureConfig
                0x08003728      0x144 ./Drivers/STM32L4xx_HAL_Driver/Src/stm32l4xx_hal_uart.o
                0x08003728                UART_AdvFeatureConfig
 .text.UART_CheckIdleState
                0x0800386c      0x150 ./Drivers/STM32L4xx_HAL_Driver/Src/stm32l4xx_hal_uart.o
                0x0800386c                UART_CheckIdleState
 .text.UART_WaitOnFlagUntilTimeout
                0x080039bc       0xda ./Drivers/STM32L4xx_HAL_Driver/Src/stm32l4xx_hal_uart.o
                0x080039bc                UART_WaitOnFlagUntilTimeout
 *fill*         0x08003a96        0x2 
 .text.UART_Start_Receive_IT
                0x08003a98      0x18c ./Drivers/STM32L4xx_HAL_Driver/Src/stm32l4xx_hal_uart.o
                0x08003a98                UART_Start_Receive_IT
 .text.UART_EndRxTransfer
                0x08003c24       0xc8 ./Drivers/STM32L4xx_HAL_Driver/Src/stm32l4xx_hal_uart.o
 .text.UART_RxISR_8BIT
                0x08003cec      0x1bc ./Drivers/STM32L4xx_HAL_Driver/Src/stm32l4xx_hal_uart.o
 .text.UART_RxISR_16BIT
                0x08003ea8      0x1bc ./Drivers/STM32L4xx_HAL_Driver/Src/stm32l4xx_hal_uart.o
 .text.memset   0x08004064       0x10 /opt/st/stm32cubeide_1.16.0/plugins/com.st.stm32cube.ide.mcu.externaltools.gnu-tools-for-stm32.12.3.rel1.linux64_1.0.200.202406132123/tools/bin/../lib/gcc/arm-none-eabi/12.3.1/../../../../arm-none-eabi/lib/thumb/v7e-m+fp/hard/libc_nano.a(libc_a-memset.o)
                0x08004064                memset
 .text.__libc_init_array
                0x08004074       0x48 /opt/st/stm32cubeide_1.16.0/plugins/com.st.stm32cube.ide.mcu.externaltools.gnu-tools-for-stm32.12.3.rel1.linux64_1.0.200.202406132123/tools/bin/../lib/gcc/arm-none-eabi/12.3.1/../../../../arm-none-eabi/lib/thumb/v7e-m+fp/hard/libc_nano.a(libc_a-init.o)
                0x08004074                __libc_init_array
 *(.glue_7)
 .glue_7        0x080040bc        0x0 linker stubs
 *(.glue_7t)
 .glue_7t       0x080040bc        0x0 linker stubs
 *(.eh_frame)
 .eh_frame      0x080040bc        0x0 /opt/st/stm32cubeide_1.16.0/plugins/com.st.stm32cube.ide.mcu.externaltools.gnu-tools-for-stm32.12.3.rel1.linux64_1.0.200.202406132123/tools/bin/../lib/gcc/arm-none-eabi/12.3.1/thumb/v7e-m+fp/hard/crtbegin.o
 *(.init)
 .init          0x080040bc        0x4 /opt/st/stm32cubeide_1.16.0/plugins/com.st.stm32cube.ide.mcu.externaltools.gnu-tools-for-stm32.12.3.rel1.linux64_1.0.200.202406132123/tools/bin/../lib/gcc/arm-none-eabi/12.3.1/thumb/v7e-m+fp/hard/crti.o
                0x080040bc                _init
 .init          0x080040c0        0x8 /opt/st/stm32cubeide_1.16.0/plugins/com.st.stm32cube.ide.mcu.externaltools.gnu-tools-for-stm32.12.3.rel1.linux64_1.0.200.202406132123/tools/bin/../lib/gcc/arm-none-eabi/12.3.1/thumb/v7e-m+fp/hard/crtn.o
 *(.fini)
 .fini          0x080040c8        0x4 /opt/st/stm32cubeide_1.16.0/plugins/com.st.stm32cube.ide.mcu.externaltools.gnu-tools-for-stm32.12.3.rel1.linux64_1.0.200.202406132123/tools/bin/../lib/gcc/arm-none-eabi/12.3.1/thumb/v7e-m+fp/hard/crti.o
                0x080040c8                _fini
 .fini          0x080040cc        0x8 /opt/st/stm32cubeide_1.16.0/plugins/com.st.stm32cube.ide.mcu.externaltools.gnu-tools-for-stm32.12.3.rel1.linux64_1.0.200.202406132123/tools/bin/../lib/gcc/arm-none-eabi/12.3.1/thumb/v7e-m+fp/hard/crtn.o
                0x080040d4                        . = ALIGN (0x4)
                0x080040d4                        _etext = .

.vfp11_veneer   0x080040d4        0x0
 .vfp11_veneer  0x080040d4        0x0 linker stubs

.v4_bx          0x080040d4        0x0
 .v4_bx         0x080040d4        0x0 linker stubs

.iplt           0x080040d4        0x0
 .iplt          0x080040d4        0x0 /opt/st/stm32cubeide_1.16.0/plugins/com.st.stm32cube.ide.mcu.externaltools.gnu-tools-for-stm32.12.3.rel1.linux64_1.0.200.202406132123/tools/bin/../lib/gcc/arm-none-eabi/12.3.1/thumb/v7e-m+fp/hard/crtbegin.o

.rodata         0x080040d4       0x48
                0x080040d4                        . = ALIGN (0x4)
 *(.rodata)
 *(.rodata*)
 .rodata.AHBPrescTable
                0x080040d4       0x10 ./Core/Src/system_stm32l4xx.o
                0x080040d4                AHBPrescTable
 .rodata.APBPrescTable
                0x080040e4        0x8 ./Core/Src/system_stm32l4xx.o
                0x080040e4                APBPrescTable
 .rodata.MSIRangeTable
                0x080040ec       0x30 ./Core/Src/system_stm32l4xx.o
                0x080040ec                MSIRangeTable
                0x0800411c                        . = ALIGN (0x4)

.ARM.extab      0x0800411c        0x0
                0x0800411c                        . = ALIGN (0x4)
 *(.ARM.extab* .gnu.linkonce.armextab.*)
                0x0800411c                        . = ALIGN (0x4)

.ARM            0x0800411c        0x8
                0x0800411c                        . = ALIGN (0x4)
                0x0800411c                        __exidx_start = .
 *(.ARM.exidx*)
 .ARM.exidx     0x0800411c        0x8 /opt/st/stm32cubeide_1.16.0/plugins/com.st.stm32cube.ide.mcu.externaltools.gnu-tools-for-stm32.12.3.rel1.linux64_1.0.200.202406132123/tools/bin/../lib/gcc/arm-none-eabi/12.3.1/thumb/v7e-m+fp/hard/libgcc.a(_udivmoddi4.o)
                0x08004124                        __exidx_end = .
                0x08004124                        . = ALIGN (0x4)

.preinit_array  0x08004124        0x0
                0x08004124                        . = ALIGN (0x4)
                0x08004124                        PROVIDE (__preinit_array_start = .)
 *(.preinit_array*)
                0x08004124                        PROVIDE (__preinit_array_end = .)
                0x08004124                        . = ALIGN (0x4)

.init_array     0x08004124        0x4
                0x08004124                        . = ALIGN (0x4)
                0x08004124                        PROVIDE (__init_array_start = .)
 *(SORT_BY_NAME(.init_array.*))
 *(.init_array*)
 .init_array    0x08004124        0x4 /opt/st/stm32cubeide_1.16.0/plugins/com.st.stm32cube.ide.mcu.externaltools.gnu-tools-for-stm32.12.3.rel1.linux64_1.0.200.202406132123/tools/bin/../lib/gcc/arm-none-eabi/12.3.1/thumb/v7e-m+fp/hard/crtbegin.o
                0x08004128                        PROVIDE (__init_array_end = .)
                0x08004128                        . = ALIGN (0x4)

.fini_array     0x08004128        0x4
                0x08004128                        . = ALIGN (0x4)
                [!provide]                        PROVIDE (__fini_array_start = .)
 *(SORT_BY_NAME(.fini_array.*))
 *(.fini_array*)
 .fini_array    0x08004128        0x4 /opt/st/stm32cubeide_1.16.0/plugins/com.st.stm32cube.ide.mcu.externaltools.gnu-tools-for-stm32.12.3.rel1.linux64_1.0.200.202406132123/tools/bin/../lib/gcc/arm-none-eabi/12.3.1/thumb/v7e-m+fp/hard/crtbegin.o
                [!provide]                        PROVIDE (__fini_array_end = .)
                0x0800412c                        . = ALIGN (0x4)
                0x0800412c                        _sidata = LOADADDR (.data)

.rel.dyn        0x0800412c        0x0
 .rel.iplt      0x0800412c        0x0 /opt/st/stm32cubeide_1.16.0/plugins/com.st.stm32cube.ide.mcu.externaltools.gnu-tools-for-stm32.12.3.rel1.linux64_1.0.200.202406132123/tools/bin/../lib/gcc/arm-none-eabi/12.3.1/thumb/v7e-m+fp/hard/crtbegin.o

.data           0x20000000        0xc load address 0x0800412c
                0x20000000                        . = ALIGN (0x4)
                0x20000000                        _sdata = .
 *(.data)
 *(.data*)
 .data.SystemCoreClock
                0x20000000        0x4 ./Core/Src/system_stm32l4xx.o
                0x20000000                SystemCoreClock
 .data.uwTickPrio
                0x20000004        0x4 ./Drivers/STM32L4xx_HAL_Driver/Src/stm32l4xx_hal.o
                0x20000004                uwTickPrio
 .data.uwTickFreq
                0x20000008        0x1 ./Drivers/STM32L4xx_HAL_Driver/Src/stm32l4xx_hal.o
                0x20000008                uwTickFreq
 *(.RamFunc)
 *(.RamFunc*)
                0x2000000c                        . = ALIGN (0x4)
 *fill*         0x20000009        0x3 
                0x2000000c                        _edata = .

.igot.plt       0x2000000c        0x0 load address 0x08004138
 .igot.plt      0x2000000c        0x0 /opt/st/stm32cubeide_1.16.0/plugins/com.st.stm32cube.ide.mcu.externaltools.gnu-tools-for-stm32.12.3.rel1.linux64_1.0.200.202406132123/tools/bin/../lib/gcc/arm-none-eabi/12.3.1/thumb/v7e-m+fp/hard/crtbegin.o
                0x2000000c                        . = ALIGN (0x4)

.bss            0x2000000c      0x120 load address 0x08004138
                0x2000000c                        _sbss = .
                0x2000000c                        __bss_start__ = _sbss
 *(.bss)
 .bss           0x2000000c       0x1c /opt/st/stm32cubeide_1.16.0/plugins/com.st.stm32cube.ide.mcu.externaltools.gnu-tools-for-stm32.12.3.rel1.linux64_1.0.200.202406132123/tools/bin/../lib/gcc/arm-none-eabi/12.3.1/thumb/v7e-m+fp/hard/crtbegin.o
 *(.bss*)
 .bss.hDriverLed
                0x20000028       0x14 ./Core/Src/driver_led.o
                0x20000028                hDriverLed
 .bss.hspi3     0x2000003c       0x64 ./Core/Src/spi.o
                0x2000003c                hspi3
 .bss.huart2    0x200000a0       0x88 ./Core/Src/usart.o
                0x200000a0                huart2
 .bss.uwTick    0x20000128        0x4 ./Drivers/STM32L4xx_HAL_Driver/Src/stm32l4xx_hal.o
                0x20000128                uwTick
 *(COMMON)
                0x2000012c                        . = ALIGN (0x4)
                0x2000012c                        _ebss = .
                0x2000012c                        __bss_end__ = _ebss

._user_heap_stack
                0x2000012c      0x604 load address 0x08004138
                0x20000130                        . = ALIGN (0x8)
 *fill*         0x2000012c        0x4 
                [!provide]                        PROVIDE (end = .)
                0x20000130                        PROVIDE (_end = .)
                0x20000330                        . = (. + _Min_Heap_Size)
 *fill*         0x20000130      0x200 
                0x20000730                        . = (. + _Min_Stack_Size)
 *fill*         0x20000330      0x400 
                0x20000730                        . = ALIGN (0x8)

/DISCARD/
 libc.a(*)
 libm.a(*)
 libgcc.a(*)

.ARM.attributes
                0x00000000       0x30
 *(.ARM.attributes)
 .ARM.attributes
                0x00000000       0x22 /opt/st/stm32cubeide_1.16.0/plugins/com.st.stm32cube.ide.mcu.externaltools.gnu-tools-for-stm32.12.3.rel1.linux64_1.0.200.202406132123/tools/bin/../lib/gcc/arm-none-eabi/12.3.1/thumb/v7e-m+fp/hard/crti.o
 .ARM.attributes
                0x00000022       0x34 /opt/st/stm32cubeide_1.16.0/plugins/com.st.stm32cube.ide.mcu.externaltools.gnu-tools-for-stm32.12.3.rel1.linux64_1.0.200.202406132123/tools/bin/../lib/gcc/arm-none-eabi/12.3.1/thumb/v7e-m+fp/hard/crtbegin.o
 .ARM.attributes
                0x00000056       0x34 ./Core/Src/driver_led.o
 .ARM.attributes
                0x0000008a       0x34 ./Core/Src/gpio.o
 .ARM.attributes
                0x000000be       0x34 ./Core/Src/main.o
 .ARM.attributes
                0x000000f2       0x34 ./Core/Src/spi.o
 .ARM.attributes
                0x00000126       0x34 ./Core/Src/stm32l4xx_hal_msp.o
 .ARM.attributes
                0x0000015a       0x34 ./Core/Src/stm32l4xx_it.o
 .ARM.attributes
                0x0000018e       0x34 ./Core/Src/system_stm32l4xx.o
 .ARM.attributes
                0x000001c2       0x34 ./Core/Src/usart.o
 .ARM.attributes
                0x000001f6       0x21 ./Core/Startup/startup_stm32l476rgtx.o
 .ARM.attributes
                0x00000217       0x34 ./Drivers/STM32L4xx_HAL_Driver/Src/stm32l4xx_hal.o
 .ARM.attributes
                0x0000024b       0x34 ./Drivers/STM32L4xx_HAL_Driver/Src/stm32l4xx_hal_cortex.o
 .ARM.attributes
                0x0000027f       0x34 ./Drivers/STM32L4xx_HAL_Driver/Src/stm32l4xx_hal_gpio.o
 .ARM.attributes
                0x000002b3       0x34 ./Drivers/STM32L4xx_HAL_Driver/Src/stm32l4xx_hal_pwr_ex.o
 .ARM.attributes
                0x000002e7       0x34 ./Drivers/STM32L4xx_HAL_Driver/Src/stm32l4xx_hal_rcc.o
 .ARM.attributes
                0x0000031b       0x34 ./Drivers/STM32L4xx_HAL_Driver/Src/stm32l4xx_hal_rcc_ex.o
 .ARM.attributes
                0x0000034f       0x34 ./Drivers/STM32L4xx_HAL_Driver/Src/stm32l4xx_hal_spi.o
 .ARM.attributes
                0x00000383       0x34 ./Drivers/STM32L4xx_HAL_Driver/Src/stm32l4xx_hal_uart.o
 .ARM.attributes
                0x000003b7       0x34 /opt/st/stm32cubeide_1.16.0/plugins/com.st.stm32cube.ide.mcu.externaltools.gnu-tools-for-stm32.12.3.rel1.linux64_1.0.200.202406132123/tools/bin/../lib/gcc/arm-none-eabi/12.3.1/../../../../arm-none-eabi/lib/thumb/v7e-m+fp/hard/libc_nano.a(libc_a-memset.o)
 .ARM.attributes
                0x000003eb       0x34 /opt/st/stm32cubeide_1.16.0/plugins/com.st.stm32cube.ide.mcu.externaltools.gnu-tools-for-stm32.12.3.rel1.linux64_1.0.200.202406132123/tools/bin/../lib/gcc/arm-none-eabi/12.3.1/../../../../arm-none-eabi/lib/thumb/v7e-m+fp/hard/libc_nano.a(libc_a-init.o)
 .ARM.attributes
                0x0000041f       0x22 /opt/st/stm32cubeide_1.16.0/plugins/com.st.stm32cube.ide.mcu.externaltools.gnu-tools-for-stm32.12.3.rel1.linux64_1.0.200.202406132123/tools/bin/../lib/gcc/arm-none-eabi/12.3.1/thumb/v7e-m+fp/hard/libgcc.a(_aeabi_uldivmod.o)
 .ARM.attributes
                0x00000441       0x34 /opt/st/stm32cubeide_1.16.0/plugins/com.st.stm32cube.ide.mcu.externaltools.gnu-tools-for-stm32.12.3.rel1.linux64_1.0.200.202406132123/tools/bin/../lib/gcc/arm-none-eabi/12.3.1/thumb/v7e-m+fp/hard/libgcc.a(_udivmoddi4.o)
 .ARM.attributes
                0x00000475       0x22 /opt/st/stm32cubeide_1.16.0/plugins/com.st.stm32cube.ide.mcu.externaltools.gnu-tools-for-stm32.12.3.rel1.linux64_1.0.200.202406132123/tools/bin/../lib/gcc/arm-none-eabi/12.3.1/thumb/v7e-m+fp/hard/libgcc.a(_dvmd_tls.o)
 .ARM.attributes
                0x00000497       0x22 /opt/st/stm32cubeide_1.16.0/plugins/com.st.stm32cube.ide.mcu.externaltools.gnu-tools-for-stm32.12.3.rel1.linux64_1.0.200.202406132123/tools/bin/../lib/gcc/arm-none-eabi/12.3.1/thumb/v7e-m+fp/hard/crtn.o
OUTPUT(TP_systemes_microcontroleurs.elf elf32-littlearm)
LOAD linker stubs
LOAD /opt/st/stm32cubeide_1.16.0/plugins/com.st.stm32cube.ide.mcu.externaltools.gnu-tools-for-stm32.12.3.rel1.linux64_1.0.200.202406132123/tools/bin/../lib/gcc/arm-none-eabi/12.3.1/../../../../arm-none-eabi/lib/thumb/v7e-m+fp/hard/libc.a
LOAD /opt/st/stm32cubeide_1.16.0/plugins/com.st.stm32cube.ide.mcu.externaltools.gnu-tools-for-stm32.12.3.rel1.linux64_1.0.200.202406132123/tools/bin/../lib/gcc/arm-none-eabi/12.3.1/../../../../arm-none-eabi/lib/thumb/v7e-m+fp/hard/libm.a
LOAD /opt/st/stm32cubeide_1.16.0/plugins/com.st.stm32cube.ide.mcu.externaltools.gnu-tools-for-stm32.12.3.rel1.linux64_1.0.200.202406132123/tools/bin/../lib/gcc/arm-none-eabi/12.3.1/thumb/v7e-m+fp/hard/libgcc.a

.debug_info     0x00000000     0xd13d
 .debug_info    0x00000000      0x8de ./Core/Src/driver_led.o
 .debug_info    0x000008de      0x473 ./Core/Src/gpio.o
 .debug_info    0x00000d51      0xe2d ./Core/Src/main.o
 .debug_info    0x00001b7e      0x9a1 ./Core/Src/spi.o
 .debug_info    0x0000251f      0x2b9 ./Core/Src/stm32l4xx_hal_msp.o
 .debug_info    0x000027d8      0x113 ./Core/Src/stm32l4xx_it.o
 .debug_info    0x000028eb      0x5b1 ./Core/Src/system_stm32l4xx.o
 .debug_info    0x00002e9c      0xd1b ./Core/Src/usart.o
 .debug_info    0x00003bb7       0x30 ./Core/Startup/startup_stm32l476rgtx.o
 .debug_info    0x00003be7      0xc09 ./Drivers/STM32L4xx_HAL_Driver/Src/stm32l4xx_hal.o
 .debug_info    0x000047f0      0xd81 ./Drivers/STM32L4xx_HAL_Driver/Src/stm32l4xx_hal_cortex.o
 .debug_info    0x00005571      0x757 ./Drivers/STM32L4xx_HAL_Driver/Src/stm32l4xx_hal_gpio.o
 .debug_info    0x00005cc8      0x99e ./Drivers/STM32L4xx_HAL_Driver/Src/stm32l4xx_hal_pwr_ex.o
 .debug_info    0x00006666      0xc14 ./Drivers/STM32L4xx_HAL_Driver/Src/stm32l4xx_hal_rcc.o
 .debug_info    0x0000727a      0xe11 ./Drivers/STM32L4xx_HAL_Driver/Src/stm32l4xx_hal_rcc_ex.o
 .debug_info    0x0000808b     0x1549 ./Drivers/STM32L4xx_HAL_Driver/Src/stm32l4xx_hal_spi.o
 .debug_info    0x000095d4     0x3b69 ./Drivers/STM32L4xx_HAL_Driver/Src/stm32l4xx_hal_uart.o

.debug_abbrev   0x00000000     0x2018
 .debug_abbrev  0x00000000      0x1ec ./Core/Src/driver_led.o
 .debug_abbrev  0x000001ec      0x152 ./Core/Src/gpio.o
 .debug_abbrev  0x0000033e      0x2b0 ./Core/Src/main.o
 .debug_abbrev  0x000005ee      0x1fa ./Core/Src/spi.o
 .debug_abbrev  0x000007e8       0xc6 ./Core/Src/stm32l4xx_hal_msp.o
 .debug_abbrev  0x000008ae       0x73 ./Core/Src/stm32l4xx_it.o
 .debug_abbrev  0x00000921      0x11a ./Core/Src/system_stm32l4xx.o
 .debug_abbrev  0x00000a3b      0x1f5 ./Core/Src/usart.o
 .debug_abbrev  0x00000c30       0x24 ./Core/Startup/startup_stm32l476rgtx.o
 .debug_abbrev  0x00000c54      0x243 ./Drivers/STM32L4xx_HAL_Driver/Src/stm32l4xx_hal.o
 .debug_abbrev  0x00000e97      0x31c ./Drivers/STM32L4xx_HAL_Driver/Src/stm32l4xx_hal_cortex.o
 .debug_abbrev  0x000011b3      0x1cb ./Drivers/STM32L4xx_HAL_Driver/Src/stm32l4xx_hal_gpio.o
 .debug_abbrev  0x0000137e      0x1f9 ./Drivers/STM32L4xx_HAL_Driver/Src/stm32l4xx_hal_pwr_ex.o
 .debug_abbrev  0x00001577      0x2cb ./Drivers/STM32L4xx_HAL_Driver/Src/stm32l4xx_hal_rcc.o
 .debug_abbrev  0x00001842      0x2a6 ./Drivers/STM32L4xx_HAL_Driver/Src/stm32l4xx_hal_rcc_ex.o
 .debug_abbrev  0x00001ae8      0x260 ./Drivers/STM32L4xx_HAL_Driver/Src/stm32l4xx_hal_spi.o
 .debug_abbrev  0x00001d48      0x2d0 ./Drivers/STM32L4xx_HAL_Driver/Src/stm32l4xx_hal_uart.o

.debug_aranges  0x00000000      0xb28
 .debug_aranges
                0x00000000       0x38 ./Core/Src/driver_led.o
 .debug_aranges
                0x00000038       0x20 ./Core/Src/gpio.o
 .debug_aranges
                0x00000058       0x40 ./Core/Src/main.o
 .debug_aranges
                0x00000098       0x30 ./Core/Src/spi.o
 .debug_aranges
                0x000000c8       0x20 ./Core/Src/stm32l4xx_hal_msp.o
 .debug_aranges
                0x000000e8       0x60 ./Core/Src/stm32l4xx_it.o
 .debug_aranges
                0x00000148       0x28 ./Core/Src/system_stm32l4xx.o
 .debug_aranges
                0x00000170       0x30 ./Core/Src/usart.o
 .debug_aranges
                0x000001a0       0x28 ./Core/Startup/startup_stm32l476rgtx.o
 .debug_aranges
                0x000001c8      0x130 ./Drivers/STM32L4xx_HAL_Driver/Src/stm32l4xx_hal.o
 .debug_aranges
                0x000002f8      0x128 ./Drivers/STM32L4xx_HAL_Driver/Src/stm32l4xx_hal_cortex.o
 .debug_aranges
                0x00000420       0x58 ./Drivers/STM32L4xx_HAL_Driver/Src/stm32l4xx_hal_gpio.o
 .debug_aranges
                0x00000478      0x160 ./Drivers/STM32L4xx_HAL_Driver/Src/stm32l4xx_hal_pwr_ex.o
 .debug_aranges
                0x000005d8       0x90 ./Drivers/STM32L4xx_HAL_Driver/Src/stm32l4xx_hal_rcc.o
 .debug_aranges
                0x00000668       0xc0 ./Drivers/STM32L4xx_HAL_Driver/Src/stm32l4xx_hal_rcc_ex.o
 .debug_aranges
                0x00000728      0x1d8 ./Drivers/STM32L4xx_HAL_Driver/Src/stm32l4xx_hal_spi.o
 .debug_aranges
                0x00000900      0x228 ./Drivers/STM32L4xx_HAL_Driver/Src/stm32l4xx_hal_uart.o

.debug_rnglists
                0x00000000      0x886
 .debug_rnglists
                0x00000000       0x26 ./Core/Src/driver_led.o
 .debug_rnglists
                0x00000026       0x14 ./Core/Src/gpio.o
 .debug_rnglists
                0x0000003a       0x2d ./Core/Src/main.o
 .debug_rnglists
                0x00000067       0x20 ./Core/Src/spi.o
 .debug_rnglists
                0x00000087       0x13 ./Core/Src/stm32l4xx_hal_msp.o
 .debug_rnglists
                0x0000009a       0x43 ./Core/Src/stm32l4xx_it.o
 .debug_rnglists
                0x000000dd       0x1a ./Core/Src/system_stm32l4xx.o
 .debug_rnglists
                0x000000f7       0x20 ./Core/Src/usart.o
 .debug_rnglists
                0x00000117       0x19 ./Core/Startup/startup_stm32l476rgtx.o
 .debug_rnglists
                0x00000130       0xdf ./Drivers/STM32L4xx_HAL_Driver/Src/stm32l4xx_hal.o
 .debug_rnglists
                0x0000020f       0xda ./Drivers/STM32L4xx_HAL_Driver/Src/stm32l4xx_hal_cortex.o
 .debug_rnglists
                0x000002e9       0x3f ./Drivers/STM32L4xx_HAL_Driver/Src/stm32l4xx_hal_gpio.o
 .debug_rnglists
                0x00000328      0x109 ./Drivers/STM32L4xx_HAL_Driver/Src/stm32l4xx_hal_pwr_ex.o
 .debug_rnglists
                0x00000431       0x6d ./Drivers/STM32L4xx_HAL_Driver/Src/stm32l4xx_hal_rcc.o
 .debug_rnglists
                0x0000049e       0x95 ./Drivers/STM32L4xx_HAL_Driver/Src/stm32l4xx_hal_rcc_ex.o
 .debug_rnglists
                0x00000533      0x178 ./Drivers/STM32L4xx_HAL_Driver/Src/stm32l4xx_hal_spi.o
 .debug_rnglists
                0x000006ab      0x1db ./Drivers/STM32L4xx_HAL_Driver/Src/stm32l4xx_hal_uart.o

.debug_macro    0x00000000    0x259ad
 .debug_macro   0x00000000      0x1da ./Core/Src/driver_led.o
 .debug_macro   0x000001da      0xab4 ./Core/Src/driver_led.o
 .debug_macro   0x00000c8e      0x1a7 ./Core/Src/driver_led.o
 .debug_macro   0x00000e35       0x2e ./Core/Src/driver_led.o
 .debug_macro   0x00000e63       0x28 ./Core/Src/driver_led.o
 .debug_macro   0x00000e8b       0x22 ./Core/Src/driver_led.o
 .debug_macro   0x00000ead       0x8e ./Core/Src/driver_led.o
 .debug_macro   0x00000f3b       0x51 ./Core/Src/driver_led.o
 .debug_macro   0x00000f8c      0x103 ./Core/Src/driver_led.o
 .debug_macro   0x0000108f       0x6a ./Core/Src/driver_led.o
 .debug_macro   0x000010f9      0x1df ./Core/Src/driver_led.o
 .debug_macro   0x000012d8       0x1c ./Core/Src/driver_led.o
 .debug_macro   0x000012f4       0x22 ./Core/Src/driver_led.o
 .debug_macro   0x00001316       0xfb ./Core/Src/driver_led.o
 .debug_macro   0x00001411     0x1011 ./Core/Src/driver_led.o
 .debug_macro   0x00002422      0x11f ./Core/Src/driver_led.o
 .debug_macro   0x00002541    0x1a17a ./Core/Src/driver_led.o
 .debug_macro   0x0001c6bb       0x6d ./Core/Src/driver_led.o
 .debug_macro   0x0001c728     0x38fb ./Core/Src/driver_led.o
 .debug_macro   0x00020023      0x189 ./Core/Src/driver_led.o
 .debug_macro   0x000201ac       0x5c ./Core/Src/driver_led.o
 .debug_macro   0x00020208     0x159e ./Core/Src/driver_led.o
 .debug_macro   0x000217a6      0x5a5 ./Core/Src/driver_led.o
 .debug_macro   0x00021d4b      0x1b9 ./Core/Src/driver_led.o
 .debug_macro   0x00021f04      0x18b ./Core/Src/driver_led.o
 .debug_macro   0x0002208f      0x26b ./Core/Src/driver_led.o
 .debug_macro   0x000222fa      0x23d ./Core/Src/driver_led.o
 .debug_macro   0x00022537      0x241 ./Core/Src/driver_led.o
 .debug_macro   0x00022778      0x37c ./Core/Src/driver_led.o
 .debug_macro   0x00022af4       0xd6 ./Core/Src/driver_led.o
 .debug_macro   0x00022bca      0x122 ./Core/Src/driver_led.o
 .debug_macro   0x00022cec      0x3ef ./Core/Src/driver_led.o
 .debug_macro   0x000230db      0x2fe ./Core/Src/driver_led.o
 .debug_macro   0x000233d9      0x5cf ./Core/Src/driver_led.o
 .debug_macro   0x000239a8       0x44 ./Core/Src/driver_led.o
 .debug_macro   0x000239ec      0x330 ./Core/Src/driver_led.o
 .debug_macro   0x00023d1c       0x70 ./Core/Src/driver_led.o
 .debug_macro   0x00023d8c      0x1da ./Core/Src/gpio.o
 .debug_macro   0x00023f66      0x1fc ./Core/Src/main.o
 .debug_macro   0x00024162      0x1da ./Core/Src/spi.o
 .debug_macro   0x0002433c      0x1d0 ./Core/Src/stm32l4xx_hal_msp.o
 .debug_macro   0x0002450c      0x1da ./Core/Src/stm32l4xx_it.o
 .debug_macro   0x000246e6      0x1c1 ./Core/Src/system_stm32l4xx.o
 .debug_macro   0x000248a7      0x1da ./Core/Src/usart.o
 .debug_macro   0x00024a81      0x20f ./Drivers/STM32L4xx_HAL_Driver/Src/stm32l4xx_hal.o
 .debug_macro   0x00024c90      0x1c1 ./Drivers/STM32L4xx_HAL_Driver/Src/stm32l4xx_hal_cortex.o
 .debug_macro   0x00024e51      0x1c8 ./Drivers/STM32L4xx_HAL_Driver/Src/stm32l4xx_hal_gpio.o
 .debug_macro   0x00025019      0x1e5 ./Drivers/STM32L4xx_HAL_Driver/Src/stm32l4xx_hal_pwr_ex.o
 .debug_macro   0x000251fe      0x203 ./Drivers/STM32L4xx_HAL_Driver/Src/stm32l4xx_hal_rcc.o
 .debug_macro   0x00025401      0x1f7 ./Drivers/STM32L4xx_HAL_Driver/Src/stm32l4xx_hal_rcc_ex.o
 .debug_macro   0x000255f8      0x1c9 ./Drivers/STM32L4xx_HAL_Driver/Src/stm32l4xx_hal_spi.o
 .debug_macro   0x000257c1      0x1ec ./Drivers/STM32L4xx_HAL_Driver/Src/stm32l4xx_hal_uart.o

.debug_line     0x00000000     0xdcbd
 .debug_line    0x00000000      0x779 ./Core/Src/driver_led.o
 .debug_line    0x00000779      0x6bc ./Core/Src/gpio.o
 .debug_line    0x00000e35      0x7da ./Core/Src/main.o
 .debug_line    0x0000160f      0x71f ./Core/Src/spi.o
 .debug_line    0x00001d2e      0x695 ./Core/Src/stm32l4xx_hal_msp.o
 .debug_line    0x000023c3      0x757 ./Core/Src/stm32l4xx_it.o
 .debug_line    0x00002b1a      0x72f ./Core/Src/system_stm32l4xx.o
 .debug_line    0x00003249      0x716 ./Core/Src/usart.o
 .debug_line    0x0000395f       0x7a ./Core/Startup/startup_stm32l476rgtx.o
 .debug_line    0x000039d9      0xa8b ./Drivers/STM32L4xx_HAL_Driver/Src/stm32l4xx_hal.o
 .debug_line    0x00004464      0xc53 ./Drivers/STM32L4xx_HAL_Driver/Src/stm32l4xx_hal_cortex.o
 .debug_line    0x000050b7      0xb16 ./Drivers/STM32L4xx_HAL_Driver/Src/stm32l4xx_hal_gpio.o
 .debug_line    0x00005bcd      0xc7c ./Drivers/STM32L4xx_HAL_Driver/Src/stm32l4xx_hal_pwr_ex.o
 .debug_line    0x00006849      0xf03 ./Drivers/STM32L4xx_HAL_Driver/Src/stm32l4xx_hal_rcc.o
 .debug_line    0x0000774c     0x1475 ./Drivers/STM32L4xx_HAL_Driver/Src/stm32l4xx_hal_rcc_ex.o
 .debug_line    0x00008bc1     0x1f60 ./Drivers/STM32L4xx_HAL_Driver/Src/stm32l4xx_hal_spi.o
 .debug_line    0x0000ab21     0x319c ./Drivers/STM32L4xx_HAL_Driver/Src/stm32l4xx_hal_uart.o

.debug_str      0x00000000    0xe6155
 .debug_str     0x00000000    0xe2bea ./Core/Src/driver_led.o
                              0xe2f08 (size before relaxing)
 .debug_str     0x000e2bea      0x1bb ./Core/Src/gpio.o
                              0xe2b73 (size before relaxing)
 .debug_str     0x000e2da5      0x449 ./Core/Src/main.o
                              0xe32d4 (size before relaxing)
 .debug_str     0x000e31ee       0x5b ./Core/Src/spi.o
                              0xe2f9f (size before relaxing)
 .debug_str     0x000e3249       0x2c ./Core/Src/stm32l4xx_hal_msp.o
                              0xe2aa3 (size before relaxing)
 .debug_str     0x000e3275       0xc9 ./Core/Src/stm32l4xx_it.o
                              0xe29dc (size before relaxing)
 .debug_str     0x000e333e       0xf2 ./Core/Src/system_stm32l4xx.o
                              0xe29e8 (size before relaxing)
 .debug_str     0x000e3430      0x2c5 ./Core/Src/usart.o
                              0xe329d (size before relaxing)
 .debug_str     0x000e36f5       0xae ./Core/Startup/startup_stm32l476rgtx.o
 .debug_str     0x000e37a3      0xafb ./Drivers/STM32L4xx_HAL_Driver/Src/stm32l4xx_hal.o
                              0xe35e7 (size before relaxing)
 .debug_str     0x000e429e      0x37c ./Drivers/STM32L4xx_HAL_Driver/Src/stm32l4xx_hal_cortex.o
                              0xe3261 (size before relaxing)
 .debug_str     0x000e461a      0x123 ./Drivers/STM32L4xx_HAL_Driver/Src/stm32l4xx_hal_gpio.o
                              0xe2b61 (size before relaxing)
 .debug_str     0x000e473d      0x4e3 ./Drivers/STM32L4xx_HAL_Driver/Src/stm32l4xx_hal_pwr_ex.o
                              0xe2f43 (size before relaxing)
 .debug_str     0x000e4c20      0x345 ./Drivers/STM32L4xx_HAL_Driver/Src/stm32l4xx_hal_rcc.o
                              0xe302e (size before relaxing)
 .debug_str     0x000e4f65      0x3bf ./Drivers/STM32L4xx_HAL_Driver/Src/stm32l4xx_hal_rcc_ex.o
                              0xe31a7 (size before relaxing)
 .debug_str     0x000e5324      0x5a6 ./Drivers/STM32L4xx_HAL_Driver/Src/stm32l4xx_hal_spi.o
                              0xe3203 (size before relaxing)
 .debug_str     0x000e58ca      0x88b ./Drivers/STM32L4xx_HAL_Driver/Src/stm32l4xx_hal_uart.o
                              0xe3740 (size before relaxing)

.comment        0x00000000       0x43
 .comment       0x00000000       0x43 ./Core/Src/driver_led.o
                                 0x44 (size before relaxing)
 .comment       0x00000043       0x44 ./Core/Src/gpio.o
 .comment       0x00000043       0x44 ./Core/Src/main.o
 .comment       0x00000043       0x44 ./Core/Src/spi.o
 .comment       0x00000043       0x44 ./Core/Src/stm32l4xx_hal_msp.o
 .comment       0x00000043       0x44 ./Core/Src/stm32l4xx_it.o
 .comment       0x00000043       0x44 ./Core/Src/system_stm32l4xx.o
 .comment       0x00000043       0x44 ./Core/Src/usart.o
 .comment       0x00000043       0x44 ./Drivers/STM32L4xx_HAL_Driver/Src/stm32l4xx_hal.o
 .comment       0x00000043       0x44 ./Drivers/STM32L4xx_HAL_Driver/Src/stm32l4xx_hal_cortex.o
 .comment       0x00000043       0x44 ./Drivers/STM32L4xx_HAL_Driver/Src/stm32l4xx_hal_gpio.o
 .comment       0x00000043       0x44 ./Drivers/STM32L4xx_HAL_Driver/Src/stm32l4xx_hal_pwr_ex.o
 .comment       0x00000043       0x44 ./Drivers/STM32L4xx_HAL_Driver/Src/stm32l4xx_hal_rcc.o
 .comment       0x00000043       0x44 ./Drivers/STM32L4xx_HAL_Driver/Src/stm32l4xx_hal_rcc_ex.o
 .comment       0x00000043       0x44 ./Drivers/STM32L4xx_HAL_Driver/Src/stm32l4xx_hal_spi.o
 .comment       0x00000043       0x44 ./Drivers/STM32L4xx_HAL_Driver/Src/stm32l4xx_hal_uart.o

.debug_frame    0x00000000     0x2c70
 .debug_frame   0x00000000       0xa0 ./Core/Src/driver_led.o
 .debug_frame   0x000000a0       0x34 ./Core/Src/gpio.o
 .debug_frame   0x000000d4       0xb4 ./Core/Src/main.o
 .debug_frame   0x00000188       0x74 ./Core/Src/spi.o
 .debug_frame   0x000001fc       0x38 ./Core/Src/stm32l4xx_hal_msp.o
 .debug_frame   0x00000234      0x104 ./Core/Src/stm32l4xx_it.o
 .debug_frame   0x00000338       0x58 ./Core/Src/system_stm32l4xx.o
 .debug_frame   0x00000390       0x78 ./Core/Src/usart.o
 .debug_frame   0x00000408      0x498 ./Drivers/STM32L4xx_HAL_Driver/Src/stm32l4xx_hal.o
 .debug_frame   0x000008a0      0x4e8 ./Drivers/STM32L4xx_HAL_Driver/Src/stm32l4xx_hal_cortex.o
 .debug_frame   0x00000d88      0x14c ./Drivers/STM32L4xx_HAL_Driver/Src/stm32l4xx_hal_gpio.o
 .debug_frame   0x00000ed4      0x584 ./Drivers/STM32L4xx_HAL_Driver/Src/stm32l4xx_hal_pwr_ex.o
 .debug_frame   0x00001458      0x21c ./Drivers/STM32L4xx_HAL_Driver/Src/stm32l4xx_hal_rcc.o
 .debug_frame   0x00001674      0x2fc ./Drivers/STM32L4xx_HAL_Driver/Src/stm32l4xx_hal_rcc_ex.o
 .debug_frame   0x00001970      0x860 ./Drivers/STM32L4xx_HAL_Driver/Src/stm32l4xx_hal_spi.o
 .debug_frame   0x000021d0      0x9f4 ./Drivers/STM32L4xx_HAL_Driver/Src/stm32l4xx_hal_uart.o
 .debug_frame   0x00002bc4       0x20 /opt/st/stm32cubeide_1.16.0/plugins/com.st.stm32cube.ide.mcu.externaltools.gnu-tools-for-stm32.12.3.rel1.linux64_1.0.200.202406132123/tools/bin/../lib/gcc/arm-none-eabi/12.3.1/../../../../arm-none-eabi/lib/thumb/v7e-m+fp/hard/libc_nano.a(libc_a-memset.o)
 .debug_frame   0x00002be4       0x2c /opt/st/stm32cubeide_1.16.0/plugins/com.st.stm32cube.ide.mcu.externaltools.gnu-tools-for-stm32.12.3.rel1.linux64_1.0.200.202406132123/tools/bin/../lib/gcc/arm-none-eabi/12.3.1/../../../../arm-none-eabi/lib/thumb/v7e-m+fp/hard/libc_nano.a(libc_a-init.o)
 .debug_frame   0x00002c10       0x2c /opt/st/stm32cubeide_1.16.0/plugins/com.st.stm32cube.ide.mcu.externaltools.gnu-tools-for-stm32.12.3.rel1.linux64_1.0.200.202406132123/tools/bin/../lib/gcc/arm-none-eabi/12.3.1/thumb/v7e-m+fp/hard/libgcc.a(_aeabi_uldivmod.o)
 .debug_frame   0x00002c3c       0x34 /opt/st/stm32cubeide_1.16.0/plugins/com.st.stm32cube.ide.mcu.externaltools.gnu-tools-for-stm32.12.3.rel1.linux64_1.0.200.202406132123/tools/bin/../lib/gcc/arm-none-eabi/12.3.1/thumb/v7e-m+fp/hard/libgcc.a(_udivmoddi4.o)

.debug_line_str
                0x00000000       0x92
 .debug_line_str
                0x00000000       0x92 ./Core/Startup/startup_stm32l476rgtx.o
